// Jest Snapshot v1, https://goo.gl/fbAQLP

exports[`Hello World 1`] = `
Object {
  "service": undefined,
  "stage": undefined,
  "version": undefined,
}
`;
